C:/Users/lancable/Desktop/vscode-cmake/vscode-cmake-test/CMAKEtest/Core/Src/main.c:72:5:main	8	static
C:/Users/lancable/Desktop/vscode-cmake/vscode-cmake-test/CMAKEtest/Core/Src/main.c:119:6:SystemClock_Config	72	static
C:/Users/lancable/Desktop/vscode-cmake/vscode-cmake-test/CMAKEtest/Core/Src/main.c:159:13:MX_SPI2_Init	8	static
C:/Users/lancable/Desktop/vscode-cmake/vscode-cmake-test/CMAKEtest/Core/Src/main.c:197:13:MX_USART1_UART_Init	8	static
C:/Users/lancable/Desktop/vscode-cmake/vscode-cmake-test/CMAKEtest/Core/Src/main.c:228:13:MX_DMA_Init	16	static
C:/Users/lancable/Desktop/vscode-cmake/vscode-cmake-test/CMAKEtest/Core/Src/main.c:249:13:MX_GPIO_Init	32	static
C:/Users/lancable/Desktop/vscode-cmake/vscode-cmake-test/CMAKEtest/Core/Src/main.c:283:6:Error_Handler	4	static
