C:/Users/lancable/Desktop/vscode-cmake/vscode-cmake-test/CMAKEtest/Core/Src/main.c:66:5:main	8	static
C:/Users/lancable/Desktop/vscode-cmake/vscode-cmake-test/CMAKEtest/Core/Src/main.c:111:6:SystemClock_Config	72	static
C:/Users/lancable/Desktop/vscode-cmake/vscode-cmake-test/CMAKEtest/Core/Src/main.c:151:13:MX_SPI2_Init	8	static
C:/Users/lancable/Desktop/vscode-cmake/vscode-cmake-test/CMAKEtest/Core/Src/main.c:189:13:MX_GPIO_Init	32	static
C:/Users/lancable/Desktop/vscode-cmake/vscode-cmake-test/CMAKEtest/Core/Src/main.c:222:6:Error_Handler	4	static
