C:/Users/lancable/Desktop/vscode-cmake/vscode-cmake-test/CMAKEtest/Dev/port/lfs_port.c:57:19:lfs_port_flash_init	4	static
C:/Users/lancable/Desktop/vscode-cmake/vscode-cmake-test/CMAKEtest/Dev/port/lfs_port.c:62:19:lfs_port_flash_read	24	static
C:/Users/lancable/Desktop/vscode-cmake/vscode-cmake-test/CMAKEtest/Dev/port/lfs_port.c:70:19:lfs_port_flash_prog	24	static
C:/Users/lancable/Desktop/vscode-cmake/vscode-cmake-test/CMAKEtest/Dev/port/lfs_port.c:78:19:lfs_port_flash_erase	16	static
C:/Users/lancable/Desktop/vscode-cmake/vscode-cmake-test/CMAKEtest/Dev/port/lfs_port.c:85:19:lfs_port_flash_sync	4	static
C:/Users/lancable/Desktop/vscode-cmake/vscode-cmake-test/CMAKEtest/Dev/port/lfs_port.c:90:5:lfs_port_init	8	static
C:/Users/lancable/Desktop/vscode-cmake/vscode-cmake-test/CMAKEtest/Dev/port/lfs_port.c:104:5:lfs_port_mount	16	static
C:/Users/lancable/Desktop/vscode-cmake/vscode-cmake-test/CMAKEtest/Dev/port/lfs_port.c:124:5:lfs_port_format	16	static
C:/Users/lancable/Desktop/vscode-cmake/vscode-cmake-test/CMAKEtest/Dev/port/lfs_port.c:143:5:lfs_port_mount_or_format	16	static
C:/Users/lancable/Desktop/vscode-cmake/vscode-cmake-test/CMAKEtest/Dev/port/lfs_port.c:162:5:lfs_port_unmount	16	static
C:/Users/lancable/Desktop/vscode-cmake/vscode-cmake-test/CMAKEtest/Dev/port/lfs_port.c:179:8:lfs_port_fs	4	static
C:/Users/lancable/Desktop/vscode-cmake/vscode-cmake-test/CMAKEtest/Dev/port/lfs_port.c:184:26:lfs_port_cfg	4	static
C:/Users/lancable/Desktop/vscode-cmake/vscode-cmake-test/CMAKEtest/Dev/port/lfs_port.c:189:12:lfs_port_bd_read	32	static
C:/Users/lancable/Desktop/vscode-cmake/vscode-cmake-test/CMAKEtest/Dev/port/lfs_port.c:208:12:lfs_port_bd_prog	32	static
C:/Users/lancable/Desktop/vscode-cmake/vscode-cmake-test/CMAKEtest/Dev/port/lfs_port.c:227:12:lfs_port_bd_erase	24	static
C:/Users/lancable/Desktop/vscode-cmake/vscode-cmake-test/CMAKEtest/Dev/port/lfs_port.c:245:12:lfs_port_bd_sync	16	static
C:/Users/lancable/Desktop/vscode-cmake/vscode-cmake-test/CMAKEtest/Dev/port/lfs_port.c:256:12:lfs_port_ensure_ready	8	static
C:/Users/lancable/Desktop/vscode-cmake/vscode-cmake-test/CMAKEtest/Dev/port/lfs_port.c:265:13:lfs_port_reset_fs	8	static
C:/Users/lancable/Desktop/vscode-cmake/vscode-cmake-test/CMAKEtest/Dev/port/lfs_port.c:270:13:lfs_port_is_range_valid	24	static
C:/Users/lancable/Desktop/vscode-cmake/vscode-cmake-test/CMAKEtest/Dev/port/lfs_port.c:288:17:lfs_port_block_address	16	static
